// Jest Snapshot v1, https://goo.gl/fbAQLP

exports[`Icon render Should show match Icon DOM Snapshot 1`] = `
<div>
  <figure
    class="css-fm4v0q"
  >
    <img
      alt="facebook"
      data-nimg="fill"
      data-testid="image"
      decoding="async"
      loading="lazy"
      sizes="(max-width: 768px) 100vw, (max-width: 1200px) 50vw, 33vw"
      src="/_next/image?url=%2Fimages%2Ffacebook.webp&w=3840&q=75"
      srcset="/_next/image?url=%2Fimages%2Ffacebook.webp&w=256&q=75 256w, /_next/image?url=%2Fimages%2Ffacebook.webp&w=384&q=75 384w, /_next/image?url=%2Fimages%2Ffacebook.webp&w=640&q=75 640w, /_next/image?url=%2Fimages%2Ffacebook.webp&w=750&q=75 750w, /_next/image?url=%2Fimages%2Ffacebook.webp&w=828&q=75 828w, /_next/image?url=%2Fimages%2Ffacebook.webp&w=1080&q=75 1080w, /_next/image?url=%2Fimages%2Ffacebook.webp&w=1200&q=75 1200w, /_next/image?url=%2Fimages%2Ffacebook.webp&w=1920&q=75 1920w, /_next/image?url=%2Fimages%2Ffacebook.webp&w=2048&q=75 2048w, /_next/image?url=%2Fimages%2Ffacebook.webp&w=3840&q=75 3840w"
      style="position: absolute; height: 100%; width: 100%; left: 0px; top: 0px; right: 0px; bottom: 0px; color: transparent;"
    />
  </figure>
  <span
    hidden=""
    id="__chakra_env"
  />
</div>
`;
