// Jest Snapshot v1, https://goo.gl/fbAQLP

exports[`CartItem component Renders CartItem correctly 1`] = `
<div>
  <div
    class="css-kbvgy4"
  >
    <div
      class="css-1c9aly0"
    >
      <h3
        class="chakra-heading css-jf0k73"
      >
        <a
          href="/products/1"
        >
          Lira Earrings
        </a>
      </h3>
      <p
        class="chakra-text css-1qtkha6"
      >
        Quantity: 
        1
      </p>
      <p
        class="chakra-text css-1suja3w"
      >
        $ 20.00
      </p>
    </div>
    <button
      aria-label="delete"
      class="chakra-button css-rzypxw"
      type="submit"
    >
      <svg
        aria-hidden="true"
        class="chakra-icon css-onkibi"
        focusable="false"
        viewBox="0 0 24 24"
      >
        <path
          d="M.439,21.44a1.5,1.5,0,0,0,2.122,2.121L11.823,14.3a.25.25,0,0,1,.354,0l9.262,9.263a1.5,1.5,0,1,0,2.122-2.121L14.3,12.177a.25.25,0,0,1,0-.354l9.263-9.262A1.5,1.5,0,0,0,21.439.44L12.177,9.7a.25.25,0,0,1-.354,0L2.561.44A1.5,1.5,0,0,0,.439,2.561L9.7,11.823a.25.25,0,0,1,0,.354Z"
          fill="currentColor"
        />
      </svg>
    </button>
  </div>
  <span
    hidden=""
    id="__chakra_env"
  />
</div>
`;
