// Jest Snapshot v1, https://goo.gl/fbAQLP

exports[`Image render Should show match Image DOM Snapshot 1`] = `
<div>
  <img
    alt="facebook"
    data-nimg="1"
    decoding="async"
    height="200"
    loading="lazy"
    src="/facebook.webp"
    style="color: transparent; background-size: cover; background-position: 50% 50%; background-repeat: no-repeat;"
    width="200"
  />
  <span
    hidden=""
    id="__chakra_env"
  />
</div>
`;
